{
  "name": "@lit-internal/test-element-a-vue",
  "type": "module",
  "scripts": {
    "dev": "vite",
    "build": "npm run build:declarations && vite build",
    "typecheck": "vue-tsc --noEmit",
    "build:declarations": "vue-tsc --declaration --emitDeclarationOnly && node ./scripts/rename.js",
    "preview": "vite preview"
  },
  "version": "1.0.1",
  "dependencies": {
    "@lit-internal/test-element-a": "^1.0.1",
    "vue": "^3.2.41",
    "@lit-labs/vue-utils": "^0.1.0"
  },
  "devDependencies": {
    "typescript": "~5.2.0",
    "@vitejs/plugin-vue": "^3.1.2",
    "@rollup/plugin-typescript": "^9.0.1",
    "vite": "^3.1.8",
    "vue-tsc": "^1.8.8"
  },
  "files": [
    "ElementA.*",
    "ElementEvents.*",
    "ElementProps.*",
    "ElementSlots.*",
    "sub/ElementSub.*"
  ]
}
