{
  "$schema": "../../../config.schema.json",
  "sourceLocale": "en",
  "targetLocales": ["es-419", "zh_CN"],
  "inputFiles": ["**/*.js"],
  "output": {
    "mode": "runtime",
    "outputDir": "tsout/locales"
  },
  "interchange": {
    "format": "xliff",
    "xliffDir": "data/xliff/",
    "placeholderStyle": "ph"
  }
}
